Func tryReallocateUniquelyReferenced(buffer:newMinimumCapacity:) has been removed
